2026-06-19 21:13:58,696 - INFO - Loading config from configs/sdsd_stage1.yaml
2026-06-19 21:13:58,724 - INFO - Using device: cuda
2026-06-19 21:14:07,705 - INFO - Epoch 1 / 100
2026-06-19 21:15:00,316 - INFO - step 50/2751 loss=0.3513 pix=0.1719 freq=0.0180 ssim=0.5191 perc=0.7344 illum=0.0065 inter=0.1719
2026-06-19 21:15:38,564 - INFO - step 100/2751 loss=0.3274 pix=0.1606 freq=0.0172 ssim=0.4820 perc=0.6827 illum=0.0033 inter=0.1606
2026-06-19 21:16:15,981 - INFO - step 150/2751 loss=0.3183 pix=0.1558 freq=0.0168 ssim=0.4723 perc=0.6667 illum=0.0022 inter=0.1558
2026-06-19 21:17:01,380 - INFO - step 200/2751 loss=0.3150 pix=0.1541 freq=0.0166 ssim=0.4675 perc=0.6611 illum=0.0016 inter=0.1541
2026-06-19 21:17:41,767 - INFO - step 250/2751 loss=0.3080 pix=0.1507 freq=0.0161 ssim=0.4556 perc=0.6474 illum=0.0013 inter=0.1507
2026-06-19 21:18:20,560 - INFO - step 300/2751 loss=0.3044 pix=0.1488 freq=0.0157 ssim=0.4476 perc=0.6450 illum=0.0011 inter=0.1488
2026-06-19 21:19:04,699 - INFO - step 350/2751 loss=0.3026 pix=0.1479 freq=0.0155 ssim=0.4424 perc=0.6445 illum=0.0009 inter=0.1479
2026-06-19 21:19:46,631 - INFO - step 400/2751 loss=0.3020 pix=0.1481 freq=0.0153 ssim=0.4377 perc=0.6406 illum=0.0008 inter=0.1481
2026-06-19 21:20:31,782 - INFO - step 450/2751 loss=0.2981 pix=0.1461 freq=0.0150 ssim=0.4293 perc=0.6374 illum=0.0007 inter=0.1461
2026-06-19 21:21:14,427 - INFO - step 500/2751 loss=0.2946 pix=0.1441 freq=0.0148 ssim=0.4221 perc=0.6356 illum=0.0007 inter=0.1441
2026-06-19 21:22:01,099 - INFO - step 550/2751 loss=0.2916 pix=0.1422 freq=0.0146 ssim=0.4171 perc=0.6352 illum=0.0006 inter=0.1422
2026-06-19 21:22:45,731 - INFO - step 600/2751 loss=0.2897 pix=0.1414 freq=0.0144 ssim=0.4108 perc=0.6328 illum=0.0005 inter=0.1414
2026-06-19 21:23:27,637 - INFO - step 650/2751 loss=0.2860 pix=0.1394 freq=0.0142 ssim=0.4033 perc=0.6301 illum=0.0005 inter=0.1394
2026-06-19 21:24:28,478 - INFO - step 700/2751 loss=0.2832 pix=0.1380 freq=0.0141 ssim=0.3968 perc=0.6271 illum=0.0005 inter=0.1380
2026-06-19 21:25:53,462 - INFO - step 750/2751 loss=0.2814 pix=0.1369 freq=0.0140 ssim=0.3932 perc=0.6266 illum=0.0004 inter=0.1369
2026-06-19 21:26:39,130 - INFO - step 800/2751 loss=0.2786 pix=0.1355 freq=0.0139 ssim=0.3870 perc=0.6230 illum=0.0004 inter=0.1355
2026-06-19 21:27:19,891 - INFO - step 850/2751 loss=0.2763 pix=0.1343 freq=0.0138 ssim=0.3828 perc=0.6194 illum=0.0004 inter=0.1343
2026-06-19 21:28:02,482 - INFO - step 900/2751 loss=0.2733 pix=0.1329 freq=0.0136 ssim=0.3768 perc=0.6146 illum=0.0004 inter=0.1329
2026-06-19 21:28:46,951 - INFO - step 950/2751 loss=0.2708 pix=0.1317 freq=0.0135 ssim=0.3713 perc=0.6098 illum=0.0003 inter=0.1317
2026-06-19 21:29:23,846 - INFO - step 1000/2751 loss=0.2697 pix=0.1313 freq=0.0134 ssim=0.3686 perc=0.6072 illum=0.0003 inter=0.1313
2026-06-19 21:30:00,963 - INFO - step 1050/2751 loss=0.2675 pix=0.1303 freq=0.0134 ssim=0.3641 perc=0.6031 illum=0.0003 inter=0.1303
2026-06-19 21:30:37,237 - INFO - step 1100/2751 loss=0.2662 pix=0.1298 freq=0.0133 ssim=0.3607 perc=0.6005 illum=0.0003 inter=0.1298
2026-06-19 21:31:12,597 - INFO - step 1150/2751 loss=0.2639 pix=0.1286 freq=0.0132 ssim=0.3574 perc=0.5969 illum=0.0003 inter=0.1286
2026-06-19 21:31:49,411 - INFO - step 1200/2751 loss=0.2628 pix=0.1281 freq=0.0132 ssim=0.3548 perc=0.5951 illum=0.0003 inter=0.1281
2026-06-19 21:32:25,354 - INFO - step 1250/2751 loss=0.2618 pix=0.1277 freq=0.0132 ssim=0.3520 perc=0.5920 illum=0.0003 inter=0.1277
2026-06-19 21:32:59,697 - INFO - step 1300/2751 loss=0.2610 pix=0.1274 freq=0.0131 ssim=0.3499 perc=0.5906 illum=0.0003 inter=0.1274
2026-06-19 21:33:38,476 - INFO - step 1350/2751 loss=0.2602 pix=0.1271 freq=0.0131 ssim=0.3480 perc=0.5884 illum=0.0002 inter=0.1271
2026-06-19 21:34:20,136 - INFO - step 1400/2751 loss=0.2599 pix=0.1271 freq=0.0131 ssim=0.3460 perc=0.5865 illum=0.0002 inter=0.1271
2026-06-19 21:34:54,540 - INFO - step 1450/2751 loss=0.2589 pix=0.1268 freq=0.0131 ssim=0.3438 perc=0.5840 illum=0.0002 inter=0.1268
2026-06-19 21:35:32,729 - INFO - step 1500/2751 loss=0.2576 pix=0.1260 freq=0.0131 ssim=0.3422 perc=0.5822 illum=0.0002 inter=0.1260
2026-06-19 21:36:08,774 - INFO - step 1550/2751 loss=0.2567 pix=0.1257 freq=0.0130 ssim=0.3400 perc=0.5799 illum=0.0002 inter=0.1257
2026-06-19 21:36:44,564 - INFO - step 1600/2751 loss=0.2559 pix=0.1253 freq=0.0130 ssim=0.3384 perc=0.5783 illum=0.0002 inter=0.1253
2026-06-19 21:37:17,873 - INFO - step 1650/2751 loss=0.2548 pix=0.1249 freq=0.0130 ssim=0.3359 perc=0.5756 illum=0.0002 inter=0.1249
2026-06-19 21:37:56,410 - INFO - step 1700/2751 loss=0.2541 pix=0.1246 freq=0.0130 ssim=0.3347 perc=0.5737 illum=0.0002 inter=0.1246
2026-06-19 21:38:36,032 - INFO - step 1750/2751 loss=0.2537 pix=0.1244 freq=0.0130 ssim=0.3336 perc=0.5725 illum=0.0002 inter=0.1244
2026-06-19 21:39:10,977 - INFO - step 1800/2751 loss=0.2532 pix=0.1242 freq=0.0130 ssim=0.3328 perc=0.5715 illum=0.0002 inter=0.1242
2026-06-19 21:39:50,091 - INFO - step 1850/2751 loss=0.2529 pix=0.1242 freq=0.0130 ssim=0.3316 perc=0.5699 illum=0.0002 inter=0.1242
2026-06-19 21:40:25,973 - INFO - step 1900/2751 loss=0.2524 pix=0.1240 freq=0.0130 ssim=0.3306 perc=0.5684 illum=0.0002 inter=0.1240
2026-06-19 21:41:03,029 - INFO - step 1950/2751 loss=0.2520 pix=0.1238 freq=0.0129 ssim=0.3298 perc=0.5670 illum=0.0002 inter=0.1238
2026-06-19 21:41:39,226 - INFO - step 2000/2751 loss=0.2514 pix=0.1236 freq=0.0129 ssim=0.3285 perc=0.5654 illum=0.0002 inter=0.1236
2026-06-19 21:42:18,054 - INFO - step 2050/2751 loss=0.2509 pix=0.1235 freq=0.0129 ssim=0.3271 perc=0.5635 illum=0.0002 inter=0.1235
2026-06-19 21:42:53,115 - INFO - step 2100/2751 loss=0.2502 pix=0.1232 freq=0.0129 ssim=0.3258 perc=0.5615 illum=0.0002 inter=0.1232
2026-06-19 21:43:28,461 - INFO - step 2150/2751 loss=0.2494 pix=0.1229 freq=0.0129 ssim=0.3237 perc=0.5588 illum=0.0002 inter=0.1229
2026-06-19 21:44:03,644 - INFO - step 2200/2751 loss=0.2486 pix=0.1226 freq=0.0128 ssim=0.3223 perc=0.5566 illum=0.0001 inter=0.1226
2026-06-19 21:44:44,000 - INFO - step 2250/2751 loss=0.2483 pix=0.1225 freq=0.0128 ssim=0.3218 perc=0.5561 illum=0.0001 inter=0.1225
2026-06-19 21:45:20,006 - INFO - step 2300/2751 loss=0.2477 pix=0.1222 freq=0.0128 ssim=0.3206 perc=0.5546 illum=0.0001 inter=0.1222
2026-06-19 21:45:55,433 - INFO - step 2350/2751 loss=0.2473 pix=0.1220 freq=0.0128 ssim=0.3197 perc=0.5535 illum=0.0001 inter=0.1220
2026-06-19 21:46:35,187 - INFO - step 2400/2751 loss=0.2470 pix=0.1219 freq=0.0128 ssim=0.3193 perc=0.5528 illum=0.0001 inter=0.1219
2026-06-19 21:47:12,100 - INFO - step 2450/2751 loss=0.2466 pix=0.1217 freq=0.0128 ssim=0.3189 perc=0.5524 illum=0.0001 inter=0.1217
2026-06-19 21:47:53,218 - INFO - step 2500/2751 loss=0.2465 pix=0.1217 freq=0.0128 ssim=0.3182 perc=0.5515 illum=0.0001 inter=0.1217
2026-06-19 21:48:30,244 - INFO - step 2550/2751 loss=0.2459 pix=0.1214 freq=0.0128 ssim=0.3175 perc=0.5503 illum=0.0001 inter=0.1214
2026-06-19 21:49:06,253 - INFO - step 2600/2751 loss=0.2455 pix=0.1212 freq=0.0128 ssim=0.3172 perc=0.5493 illum=0.0001 inter=0.1212
2026-06-19 21:49:42,767 - INFO - step 2650/2751 loss=0.2452 pix=0.1210 freq=0.0128 ssim=0.3173 perc=0.5486 illum=0.0001 inter=0.1210
2026-06-19 21:50:22,649 - INFO - step 2700/2751 loss=0.2448 pix=0.1209 freq=0.0128 ssim=0.3167 perc=0.5474 illum=0.0001 inter=0.1209
2026-06-19 21:50:55,639 - INFO - step 2750/2751 loss=0.2444 pix=0.1207 freq=0.0128 ssim=0.3158 perc=0.5464 illum=0.0001 inter=0.1207
2026-06-19 21:50:56,215 - INFO - Train stats: {'loss_total': 0.24433888113908186, 'loss_pix': 0.12063784076571898, 'loss_freq': 0.012798135022262755, 'loss_ssim': 0.3157947739225351, 'loss_perc': 0.5463845482883519, 'loss_illum': 0.00011939744853221401, 'loss_inter': 0.12063784076571898}
2026-06-19 21:50:56,216 - INFO - Epoch 2 / 100
2026-06-19 21:51:29,197 - INFO - step 50/2751 loss=0.2237 pix=0.1144 freq=0.0121 ssim=0.2562 perc=0.4815 illum=0.0000 inter=0.1144
2026-06-19 21:51:53,762 - INFO - step 100/2751 loss=0.2321 pix=0.1170 freq=0.0125 ssim=0.2784 perc=0.5084 illum=0.0000 inter=0.1170
2026-06-19 21:52:18,576 - INFO - step 150/2751 loss=0.2298 pix=0.1158 freq=0.0125 ssim=0.2775 perc=0.5035 illum=0.0000 inter=0.1158
2026-06-19 21:52:42,202 - INFO - step 200/2751 loss=0.2287 pix=0.1145 freq=0.0124 ssim=0.2815 perc=0.5054 illum=0.0000 inter=0.1145
2026-06-19 21:53:08,066 - INFO - step 250/2751 loss=0.2275 pix=0.1139 freq=0.0123 ssim=0.2813 perc=0.5005 illum=0.0000 inter=0.1139
2026-06-19 21:53:36,976 - INFO - step 300/2751 loss=0.2277 pix=0.1142 freq=0.0124 ssim=0.2807 perc=0.4998 illum=0.0000 inter=0.1142
2026-06-19 21:54:05,181 - INFO - step 350/2751 loss=0.2291 pix=0.1149 freq=0.0125 ssim=0.2821 perc=0.5028 illum=0.0000 inter=0.1149
2026-06-19 21:54:35,766 - INFO - step 400/2751 loss=0.2286 pix=0.1148 freq=0.0125 ssim=0.2803 perc=0.5002 illum=0.0000 inter=0.1148
2026-06-19 21:55:04,552 - INFO - step 450/2751 loss=0.2295 pix=0.1154 freq=0.0125 ssim=0.2827 perc=0.4988 illum=0.0000 inter=0.1154
2026-06-19 21:55:36,301 - INFO - step 500/2751 loss=0.2301 pix=0.1158 freq=0.0126 ssim=0.2847 perc=0.4984 illum=0.0000 inter=0.1158
2026-06-19 21:56:10,225 - INFO - step 550/2751 loss=0.2293 pix=0.1151 freq=0.0126 ssim=0.2853 perc=0.4986 illum=0.0000 inter=0.1151
2026-06-19 21:56:42,075 - INFO - step 600/2751 loss=0.2288 pix=0.1148 freq=0.0126 ssim=0.2859 perc=0.4971 illum=0.0000 inter=0.1148
2026-06-19 21:57:12,729 - INFO - step 650/2751 loss=0.2283 pix=0.1147 freq=0.0126 ssim=0.2845 perc=0.4958 illum=0.0000 inter=0.1147
2026-06-19 21:57:44,474 - INFO - step 700/2751 loss=0.2281 pix=0.1144 freq=0.0126 ssim=0.2847 perc=0.4960 illum=0.0000 inter=0.1144
2026-06-19 21:58:17,810 - INFO - step 750/2751 loss=0.2285 pix=0.1145 freq=0.0127 ssim=0.2858 perc=0.4974 illum=0.0000 inter=0.1145
2026-06-19 21:58:50,022 - INFO - step 800/2751 loss=0.2278 pix=0.1140 freq=0.0127 ssim=0.2854 perc=0.4974 illum=0.0000 inter=0.1140
2026-06-19 21:59:20,747 - INFO - step 850/2751 loss=0.2284 pix=0.1145 freq=0.0127 ssim=0.2855 perc=0.4972 illum=0.0000 inter=0.1145
2026-06-19 21:59:53,310 - INFO - step 900/2751 loss=0.2281 pix=0.1142 freq=0.0127 ssim=0.2853 perc=0.4978 illum=0.0000 inter=0.1142
2026-06-19 22:00:26,702 - INFO - step 950/2751 loss=0.2283 pix=0.1142 freq=0.0128 ssim=0.2868 perc=0.4984 illum=0.0000 inter=0.1142
2026-06-19 22:00:57,227 - INFO - step 1000/2751 loss=0.2287 pix=0.1144 freq=0.0128 ssim=0.2874 perc=0.4998 illum=0.0000 inter=0.1144
2026-06-19 22:01:26,568 - INFO - step 1050/2751 loss=0.2281 pix=0.1140 freq=0.0128 ssim=0.2870 perc=0.4990 illum=0.0000 inter=0.1140
2026-06-19 22:02:02,061 - INFO - step 1100/2751 loss=0.2278 pix=0.1139 freq=0.0128 ssim=0.2865 perc=0.4981 illum=0.0000 inter=0.1139
2026-06-19 22:02:30,780 - INFO - step 1150/2751 loss=0.2278 pix=0.1139 freq=0.0128 ssim=0.2862 perc=0.4981 illum=0.0000 inter=0.1139
2026-06-19 22:03:02,939 - INFO - step 1200/2751 loss=0.2279 pix=0.1139 freq=0.0128 ssim=0.2866 perc=0.4992 illum=0.0000 inter=0.1139
2026-06-19 22:03:32,961 - INFO - step 1250/2751 loss=0.2285 pix=0.1144 freq=0.0128 ssim=0.2863 perc=0.4988 illum=0.0000 inter=0.1144
2026-06-19 22:04:07,940 - INFO - step 1300/2751 loss=0.2284 pix=0.1143 freq=0.0128 ssim=0.2862 perc=0.4987 illum=0.0000 inter=0.1143
2026-06-19 22:04:45,735 - INFO - step 1350/2751 loss=0.2283 pix=0.1143 freq=0.0129 ssim=0.2858 perc=0.4985 illum=0.0000 inter=0.1143
2026-06-19 22:05:20,396 - INFO - step 1400/2751 loss=0.2282 pix=0.1142 freq=0.0128 ssim=0.2862 perc=0.4985 illum=0.0000 inter=0.1142
2026-06-19 22:05:56,243 - INFO - step 1450/2751 loss=0.2277 pix=0.1139 freq=0.0128 ssim=0.2855 perc=0.4977 illum=0.0000 inter=0.1139
2026-06-19 22:06:35,360 - INFO - step 1500/2751 loss=0.2271 pix=0.1137 freq=0.0128 ssim=0.2839 perc=0.4961 illum=0.0000 inter=0.1137
2026-06-19 22:07:18,305 - INFO - step 1550/2751 loss=0.2271 pix=0.1136 freq=0.0128 ssim=0.2844 perc=0.4964 illum=0.0000 inter=0.1136
2026-06-19 22:08:00,530 - INFO - step 1600/2751 loss=0.2275 pix=0.1138 freq=0.0128 ssim=0.2850 perc=0.4976 illum=0.0000 inter=0.1138
2026-06-19 22:08:46,375 - INFO - step 1650/2751 loss=0.2278 pix=0.1140 freq=0.0129 ssim=0.2850 perc=0.4979 illum=0.0000 inter=0.1140
2026-06-19 22:09:28,414 - INFO - step 1700/2751 loss=0.2284 pix=0.1144 freq=0.0129 ssim=0.2855 perc=0.4987 illum=0.0000 inter=0.1144
2026-06-19 22:10:09,600 - INFO - step 1750/2751 loss=0.2287 pix=0.1146 freq=0.0129 ssim=0.2850 perc=0.4988 illum=0.0000 inter=0.1146
2026-06-19 22:10:50,337 - INFO - step 1800/2751 loss=0.2286 pix=0.1146 freq=0.0129 ssim=0.2850 perc=0.4986 illum=0.0000 inter=0.1146
2026-06-19 22:11:25,799 - INFO - step 1850/2751 loss=0.2288 pix=0.1147 freq=0.0129 ssim=0.2850 perc=0.4986 illum=0.0000 inter=0.1147
2026-06-19 22:12:05,392 - INFO - step 1900/2751 loss=0.2287 pix=0.1146 freq=0.0129 ssim=0.2849 perc=0.4987 illum=0.0000 inter=0.1146
2026-06-19 22:12:42,416 - INFO - step 1950/2751 loss=0.2287 pix=0.1147 freq=0.0129 ssim=0.2845 perc=0.4981 illum=0.0000 inter=0.1147
2026-06-19 22:13:17,839 - INFO - step 2000/2751 loss=0.2289 pix=0.1148 freq=0.0130 ssim=0.2850 perc=0.4986 illum=0.0000 inter=0.1148
2026-06-19 22:13:55,713 - INFO - step 2050/2751 loss=0.2283 pix=0.1144 freq=0.0129 ssim=0.2847 perc=0.4981 illum=0.0000 inter=0.1144
2026-06-19 22:14:29,654 - INFO - step 2100/2751 loss=0.2279 pix=0.1141 freq=0.0129 ssim=0.2845 perc=0.4978 illum=0.0000 inter=0.1141
2026-06-19 22:15:04,507 - INFO - step 2150/2751 loss=0.2276 pix=0.1140 freq=0.0129 ssim=0.2839 perc=0.4970 illum=0.0000 inter=0.1140
2026-06-19 22:15:38,206 - INFO - step 2200/2751 loss=0.2275 pix=0.1140 freq=0.0129 ssim=0.2837 perc=0.4968 illum=0.0000 inter=0.1140
2026-06-19 22:16:14,213 - INFO - step 2250/2751 loss=0.2274 pix=0.1139 freq=0.0129 ssim=0.2839 perc=0.4970 illum=0.0000 inter=0.1139
2026-06-19 22:16:50,308 - INFO - step 2300/2751 loss=0.2275 pix=0.1140 freq=0.0129 ssim=0.2836 perc=0.4964 illum=0.0000 inter=0.1140
2026-06-19 22:17:23,120 - INFO - step 2350/2751 loss=0.2274 pix=0.1139 freq=0.0129 ssim=0.2836 perc=0.4964 illum=0.0000 inter=0.1139
2026-06-19 22:17:58,329 - INFO - step 2400/2751 loss=0.2270 pix=0.1137 freq=0.0129 ssim=0.2831 perc=0.4955 illum=0.0000 inter=0.1137
2026-06-19 22:18:38,626 - INFO - step 2450/2751 loss=0.2266 pix=0.1135 freq=0.0129 ssim=0.2827 perc=0.4950 illum=0.0000 inter=0.1135
2026-06-19 22:19:14,844 - INFO - step 2500/2751 loss=0.2267 pix=0.1136 freq=0.0129 ssim=0.2826 perc=0.4946 illum=0.0000 inter=0.1136
2026-06-19 22:19:52,965 - INFO - step 2550/2751 loss=0.2270 pix=0.1138 freq=0.0129 ssim=0.2829 perc=0.4949 illum=0.0000 inter=0.1138
2026-06-19 22:20:30,077 - INFO - step 2600/2751 loss=0.2272 pix=0.1139 freq=0.0129 ssim=0.2830 perc=0.4948 illum=0.0000 inter=0.1139
2026-06-19 22:21:03,679 - INFO - step 2650/2751 loss=0.2268 pix=0.1137 freq=0.0129 ssim=0.2822 perc=0.4940 illum=0.0000 inter=0.1137
2026-06-19 22:21:36,650 - INFO - step 2700/2751 loss=0.2266 pix=0.1137 freq=0.0129 ssim=0.2817 perc=0.4936 illum=0.0000 inter=0.1137
2026-06-19 22:22:11,873 - INFO - step 2750/2751 loss=0.2264 pix=0.1135 freq=0.0129 ssim=0.2816 perc=0.4932 illum=0.0000 inter=0.1135
2026-06-19 22:22:12,344 - INFO - Train stats: {'loss_total': 0.22638127870887506, 'loss_pix': 0.11355089173276114, 'loss_freq': 0.012857578190692548, 'loss_ssim': 0.2815539105854568, 'loss_perc': 0.4932396690256593, 'loss_illum': 9.361118114443425e-09, 'loss_inter': 0.11355089173276114}
2026-06-19 22:22:12,344 - INFO - Epoch 3 / 100
2026-06-19 22:22:44,144 - INFO - step 50/2751 loss=0.2281 pix=0.1128 freq=0.0136 ssim=0.2924 perc=0.5089 illum=0.0000 inter=0.1128
2026-06-19 22:23:10,183 - INFO - step 100/2751 loss=0.2276 pix=0.1136 freq=0.0133 ssim=0.2848 perc=0.5013 illum=0.0000 inter=0.1136
2026-06-19 22:23:34,532 - INFO - step 150/2751 loss=0.2299 pix=0.1159 freq=0.0132 ssim=0.2795 perc=0.5005 illum=0.0000 inter=0.1159
2026-06-19 22:24:02,996 - INFO - step 200/2751 loss=0.2287 pix=0.1152 freq=0.0131 ssim=0.2795 perc=0.4970 illum=0.0000 inter=0.1152
2026-06-19 22:24:31,592 - INFO - step 250/2751 loss=0.2285 pix=0.1149 freq=0.0131 ssim=0.2803 perc=0.4973 illum=0.0000 inter=0.1149
2026-06-19 22:25:01,116 - INFO - step 300/2751 loss=0.2319 pix=0.1174 freq=0.0131 ssim=0.2843 perc=0.4962 illum=0.0000 inter=0.1174
2026-06-19 22:25:36,673 - INFO - step 350/2751 loss=0.2332 pix=0.1182 freq=0.0132 ssim=0.2858 perc=0.4959 illum=0.0000 inter=0.1182
2026-06-19 22:26:12,214 - INFO - step 400/2751 loss=0.2311 pix=0.1171 freq=0.0130 ssim=0.2833 perc=0.4922 illum=0.0000 inter=0.1171
2026-06-19 22:26:40,782 - INFO - step 450/2751 loss=0.2307 pix=0.1170 freq=0.0130 ssim=0.2833 perc=0.4905 illum=0.0000 inter=0.1170
2026-06-19 22:27:15,782 - INFO - step 500/2751 loss=0.2290 pix=0.1158 freq=0.0130 ssim=0.2828 perc=0.4891 illum=0.0000 inter=0.1158
2026-06-19 22:27:52,072 - INFO - step 550/2751 loss=0.2301 pix=0.1161 freq=0.0130 ssim=0.2850 perc=0.4926 illum=0.0000 inter=0.1161
2026-06-19 22:28:21,668 - INFO - step 600/2751 loss=0.2295 pix=0.1160 freq=0.0130 ssim=0.2832 perc=0.4904 illum=0.0000 inter=0.1160
2026-06-19 22:28:54,214 - INFO - step 650/2751 loss=0.2284 pix=0.1153 freq=0.0129 ssim=0.2820 perc=0.4899 illum=0.0000 inter=0.1153
2026-06-19 22:29:25,729 - INFO - step 700/2751 loss=0.2284 pix=0.1153 freq=0.0129 ssim=0.2817 perc=0.4902 illum=0.0000 inter=0.1153
2026-06-19 22:29:59,356 - INFO - step 750/2751 loss=0.2278 pix=0.1150 freq=0.0129 ssim=0.2809 perc=0.4891 illum=0.0000 inter=0.1150
2026-06-19 22:30:30,483 - INFO - step 800/2751 loss=0.2282 pix=0.1151 freq=0.0129 ssim=0.2825 perc=0.4899 illum=0.0000 inter=0.1151
2026-06-19 22:31:01,400 - INFO - step 850/2751 loss=0.2280 pix=0.1149 freq=0.0129 ssim=0.2824 perc=0.4905 illum=0.0000 inter=0.1149
2026-06-19 22:31:34,040 - INFO - step 900/2751 loss=0.2285 pix=0.1154 freq=0.0129 ssim=0.2826 perc=0.4900 illum=0.0000 inter=0.1154
2026-06-19 22:32:05,433 - INFO - step 950/2751 loss=0.2277 pix=0.1147 freq=0.0129 ssim=0.2830 perc=0.4904 illum=0.0000 inter=0.1147
2026-06-19 22:32:37,394 - INFO - step 1000/2751 loss=0.2269 pix=0.1143 freq=0.0129 ssim=0.2817 perc=0.4883 illum=0.0000 inter=0.1143
2026-06-19 22:33:11,803 - INFO - step 1050/2751 loss=0.2267 pix=0.1143 freq=0.0129 ssim=0.2804 perc=0.4875 illum=0.0000 inter=0.1143
2026-06-19 22:33:42,558 - INFO - step 1100/2751 loss=0.2269 pix=0.1145 freq=0.0128 ssim=0.2798 perc=0.4879 illum=0.0000 inter=0.1145
2026-06-19 22:34:14,527 - INFO - step 1150/2751 loss=0.2269 pix=0.1147 freq=0.0128 ssim=0.2782 perc=0.4864 illum=0.0000 inter=0.1147
2026-06-19 22:34:47,543 - INFO - step 1200/2751 loss=0.2274 pix=0.1150 freq=0.0128 ssim=0.2787 perc=0.4872 illum=0.0000 inter=0.1150
2026-06-19 22:35:21,914 - INFO - step 1250/2751 loss=0.2276 pix=0.1152 freq=0.0128 ssim=0.2795 perc=0.4866 illum=0.0000 inter=0.1152
2026-06-19 22:35:58,611 - INFO - step 1300/2751 loss=0.2274 pix=0.1150 freq=0.0128 ssim=0.2798 perc=0.4866 illum=0.0000 inter=0.1150
2026-06-19 22:36:40,804 - INFO - step 1350/2751 loss=0.2275 pix=0.1151 freq=0.0128 ssim=0.2798 perc=0.4861 illum=0.0000 inter=0.1151
2026-06-19 22:37:14,311 - INFO - step 1400/2751 loss=0.2267 pix=0.1145 freq=0.0128 ssim=0.2798 perc=0.4857 illum=0.0000 inter=0.1145
2026-06-19 22:37:48,390 - INFO - step 1450/2751 loss=0.2266 pix=0.1145 freq=0.0128 ssim=0.2792 perc=0.4853 illum=0.0000 inter=0.1145
2026-06-19 22:38:24,286 - INFO - step 1500/2751 loss=0.2269 pix=0.1147 freq=0.0128 ssim=0.2796 perc=0.4856 illum=0.0000 inter=0.1147
2026-06-19 22:38:59,571 - INFO - step 1550/2751 loss=0.2266 pix=0.1144 freq=0.0128 ssim=0.2798 perc=0.4859 illum=0.0000 inter=0.1144
2026-06-19 22:39:38,937 - INFO - step 1600/2751 loss=0.2264 pix=0.1143 freq=0.0128 ssim=0.2798 perc=0.4862 illum=0.0000 inter=0.1143
2026-06-19 22:40:20,787 - INFO - step 1650/2751 loss=0.2270 pix=0.1146 freq=0.0128 ssim=0.2807 perc=0.4866 illum=0.0000 inter=0.1146
2026-06-19 22:40:56,903 - INFO - step 1700/2751 loss=0.2270 pix=0.1147 freq=0.0128 ssim=0.2803 perc=0.4861 illum=0.0000 inter=0.1147
2026-06-19 22:41:36,448 - INFO - step 1750/2751 loss=0.2269 pix=0.1147 freq=0.0128 ssim=0.2802 perc=0.4858 illum=0.0000 inter=0.1147
2026-06-19 22:42:13,859 - INFO - step 1800/2751 loss=0.2272 pix=0.1148 freq=0.0128 ssim=0.2806 perc=0.4863 illum=0.0000 inter=0.1148
2026-06-19 22:42:50,872 - INFO - step 1850/2751 loss=0.2275 pix=0.1150 freq=0.0129 ssim=0.2807 perc=0.4862 illum=0.0000 inter=0.1150
2026-06-19 22:43:31,997 - INFO - step 1900/2751 loss=0.2274 pix=0.1149 freq=0.0129 ssim=0.2804 perc=0.4860 illum=0.0000 inter=0.1149
2026-06-19 22:44:07,780 - INFO - step 1950/2751 loss=0.2273 pix=0.1149 freq=0.0129 ssim=0.2806 perc=0.4864 illum=0.0000 inter=0.1149
2026-06-19 22:44:46,709 - INFO - step 2000/2751 loss=0.2276 pix=0.1149 freq=0.0129 ssim=0.2813 perc=0.4877 illum=0.0000 inter=0.1149
2026-06-19 22:45:26,746 - INFO - step 2050/2751 loss=0.2269 pix=0.1146 freq=0.0129 ssim=0.2798 perc=0.4866 illum=0.0000 inter=0.1146
2026-06-19 22:46:05,841 - INFO - step 2100/2751 loss=0.2267 pix=0.1145 freq=0.0129 ssim=0.2797 perc=0.4865 illum=0.0000 inter=0.1145
2026-06-19 22:46:41,113 - INFO - step 2150/2751 loss=0.2263 pix=0.1142 freq=0.0129 ssim=0.2793 perc=0.4864 illum=0.0000 inter=0.1142
2026-06-19 22:47:20,406 - INFO - step 2200/2751 loss=0.2263 pix=0.1142 freq=0.0129 ssim=0.2791 perc=0.4866 illum=0.0000 inter=0.1142
2026-06-19 22:47:56,784 - INFO - step 2250/2751 loss=0.2261 pix=0.1141 freq=0.0128 ssim=0.2789 perc=0.4863 illum=0.0000 inter=0.1141
2026-06-19 22:48:34,536 - INFO - step 2300/2751 loss=0.2258 pix=0.1139 freq=0.0128 ssim=0.2785 perc=0.4860 illum=0.0000 inter=0.1139
2026-06-19 22:49:12,857 - INFO - step 2350/2751 loss=0.2256 pix=0.1138 freq=0.0128 ssim=0.2778 perc=0.4854 illum=0.0000 inter=0.1138
2026-06-19 22:49:51,149 - INFO - step 2400/2751 loss=0.2258 pix=0.1139 freq=0.0129 ssim=0.2782 perc=0.4861 illum=0.0000 inter=0.1139
2026-06-19 22:50:28,435 - INFO - step 2450/2751 loss=0.2258 pix=0.1140 freq=0.0129 ssim=0.2781 perc=0.4861 illum=0.0000 inter=0.1140
2026-06-19 22:51:04,191 - INFO - step 2500/2751 loss=0.2257 pix=0.1139 freq=0.0129 ssim=0.2777 perc=0.4859 illum=0.0000 inter=0.1139
2026-06-19 22:51:40,808 - INFO - step 2550/2751 loss=0.2257 pix=0.1139 freq=0.0129 ssim=0.2779 perc=0.4859 illum=0.0000 inter=0.1139
2026-06-19 22:52:18,936 - INFO - step 2600/2751 loss=0.2257 pix=0.1138 freq=0.0129 ssim=0.2782 perc=0.4860 illum=0.0000 inter=0.1138
2026-06-19 22:52:53,481 - INFO - step 2650/2751 loss=0.2256 pix=0.1138 freq=0.0129 ssim=0.2779 perc=0.4857 illum=0.0000 inter=0.1138
2026-06-19 22:53:32,002 - INFO - step 2700/2751 loss=0.2257 pix=0.1138 freq=0.0129 ssim=0.2782 perc=0.4862 illum=0.0000 inter=0.1138
2026-06-19 22:54:10,389 - INFO - step 2750/2751 loss=0.2256 pix=0.1137 freq=0.0129 ssim=0.2781 perc=0.4859 illum=0.0000 inter=0.1137
2026-06-19 22:54:10,903 - INFO - Train stats: {'loss_total': 0.22556685178697392, 'loss_pix': 0.11374505419217752, 'loss_freq': 0.012896743073405428, 'loss_ssim': 0.2780977229515625, 'loss_perc': 0.4859883163526508, 'loss_illum': 3.1719294339912123e-10, 'loss_inter': 0.11374505419217752}
2026-06-19 22:54:10,903 - INFO - Epoch 4 / 100
2026-06-19 22:54:45,032 - INFO - step 50/2751 loss=0.2059 pix=0.0997 freq=0.0122 ssim=0.2693 perc=0.4821 illum=0.0000 inter=0.0997
2026-06-19 22:55:14,268 - INFO - step 100/2751 loss=0.2165 pix=0.1063 freq=0.0124 ssim=0.2792 perc=0.4906 illum=0.0000 inter=0.1063
2026-06-19 22:55:40,673 - INFO - step 150/2751 loss=0.2204 pix=0.1087 freq=0.0127 ssim=0.2837 perc=0.4946 illum=0.0000 inter=0.1087
2026-06-19 22:56:13,500 - INFO - step 200/2751 loss=0.2243 pix=0.1113 freq=0.0128 ssim=0.2866 perc=0.4961 illum=0.0000 inter=0.1113
2026-06-19 22:56:42,236 - INFO - step 250/2751 loss=0.2312 pix=0.1159 freq=0.0131 ssim=0.2907 perc=0.5012 illum=0.0000 inter=0.1159
2026-06-19 22:57:13,992 - INFO - step 300/2751 loss=0.2468 pix=0.1259 freq=0.0132 ssim=0.3048 perc=0.5138 illum=0.0000 inter=0.1259
2026-06-19 22:57:47,996 - INFO - step 350/2751 loss=0.2465 pix=0.1257 freq=0.0131 ssim=0.3040 perc=0.5141 illum=0.0000 inter=0.1257
2026-06-19 22:58:22,436 - INFO - step 400/2751 loss=0.2452 pix=0.1247 freq=0.0131 ssim=0.3042 perc=0.5136 illum=0.0000 inter=0.1247
2026-06-19 22:58:54,728 - INFO - step 450/2751 loss=0.2428 pix=0.1234 freq=0.0129 ssim=0.3011 perc=0.5101 illum=0.0000 inter=0.1234
2026-06-19 22:59:26,872 - INFO - step 500/2751 loss=0.2427 pix=0.1233 freq=0.0130 ssim=0.3006 perc=0.5104 illum=0.0000 inter=0.1233
2026-06-19 23:00:02,331 - INFO - step 550/2751 loss=0.2400 pix=0.1218 freq=0.0129 ssim=0.2972 perc=0.5067 illum=0.0000 inter=0.1218
2026-06-19 23:00:30,459 - INFO - step 600/2751 loss=0.2390 pix=0.1212 freq=0.0130 ssim=0.2955 perc=0.5063 illum=0.0000 inter=0.1212
2026-06-19 23:01:02,432 - INFO - step 650/2751 loss=0.2379 pix=0.1209 freq=0.0129 ssim=0.2919 perc=0.5027 illum=0.0000 inter=0.1209
2026-06-19 23:01:36,129 - INFO - step 700/2751 loss=0.2360 pix=0.1198 freq=0.0129 ssim=0.2888 perc=0.5013 illum=0.0000 inter=0.1198
2026-06-19 23:02:08,737 - INFO - step 750/2751 loss=0.2363 pix=0.1198 freq=0.0129 ssim=0.2901 perc=0.5023 illum=0.0000 inter=0.1198
2026-06-19 23:02:38,084 - INFO - step 800/2751 loss=0.2355 pix=0.1196 freq=0.0129 ssim=0.2879 perc=0.4998 illum=0.0000 inter=0.1196
2026-06-19 23:03:12,046 - INFO - step 850/2751 loss=0.2355 pix=0.1197 freq=0.0129 ssim=0.2872 perc=0.4995 illum=0.0000 inter=0.1197
2026-06-19 23:03:49,494 - INFO - step 900/2751 loss=0.2342 pix=0.1187 freq=0.0129 ssim=0.2866 perc=0.4995 illum=0.0000 inter=0.1187
2026-06-19 23:04:25,179 - INFO - step 950/2751 loss=0.2332 pix=0.1181 freq=0.0128 ssim=0.2859 perc=0.4982 illum=0.0000 inter=0.1181
2026-06-19 23:05:06,797 - INFO - step 1000/2751 loss=0.2321 pix=0.1172 freq=0.0129 ssim=0.2855 perc=0.4986 illum=0.0000 inter=0.1172
2026-06-19 23:05:40,771 - INFO - step 1050/2751 loss=0.2317 pix=0.1169 freq=0.0129 ssim=0.2854 perc=0.4988 illum=0.0000 inter=0.1169
2026-06-19 23:06:19,749 - INFO - step 1100/2751 loss=0.2310 pix=0.1163 freq=0.0129 ssim=0.2857 perc=0.4991 illum=0.0000 inter=0.1163
2026-06-19 23:06:54,894 - INFO - step 1150/2751 loss=0.2305 pix=0.1160 freq=0.0129 ssim=0.2858 perc=0.4981 illum=0.0000 inter=0.1160
2026-06-19 23:07:29,790 - INFO - step 1200/2751 loss=0.2295 pix=0.1154 freq=0.0129 ssim=0.2846 perc=0.4971 illum=0.0000 inter=0.1154
2026-06-19 23:08:05,476 - INFO - step 1250/2751 loss=0.2295 pix=0.1154 freq=0.0129 ssim=0.2850 perc=0.4968 illum=0.0000 inter=0.1154
2026-06-19 23:08:42,242 - INFO - step 1300/2751 loss=0.2287 pix=0.1149 freq=0.0129 ssim=0.2841 perc=0.4959 illum=0.0000 inter=0.1149
2026-06-19 23:09:14,728 - INFO - step 1350/2751 loss=0.2287 pix=0.1150 freq=0.0129 ssim=0.2842 perc=0.4955 illum=0.0000 inter=0.1150
2026-06-19 23:09:53,932 - INFO - step 1400/2751 loss=0.2288 pix=0.1151 freq=0.0129 ssim=0.2839 perc=0.4952 illum=0.0000 inter=0.1151
2026-06-19 23:10:37,222 - INFO - step 1450/2751 loss=0.2293 pix=0.1154 freq=0.0129 ssim=0.2837 perc=0.4953 illum=0.0000 inter=0.1154
2026-06-19 23:11:20,335 - INFO - step 1500/2751 loss=0.2291 pix=0.1154 freq=0.0129 ssim=0.2833 perc=0.4945 illum=0.0000 inter=0.1154
2026-06-19 23:12:02,421 - INFO - step 1550/2751 loss=0.2283 pix=0.1149 freq=0.0128 ssim=0.2828 perc=0.4941 illum=0.0000 inter=0.1149
2026-06-19 23:12:43,690 - INFO - step 1600/2751 loss=0.2286 pix=0.1151 freq=0.0129 ssim=0.2834 perc=0.4944 illum=0.0000 inter=0.1151
2026-06-19 23:13:24,166 - INFO - step 1650/2751 loss=0.2286 pix=0.1151 freq=0.0128 ssim=0.2830 perc=0.4943 illum=0.0000 inter=0.1151
2026-06-19 23:14:03,949 - INFO - step 1700/2751 loss=0.2284 pix=0.1149 freq=0.0128 ssim=0.2829 perc=0.4942 illum=0.0000 inter=0.1149
2026-06-19 23:14:41,882 - INFO - step 1750/2751 loss=0.2284 pix=0.1150 freq=0.0128 ssim=0.2825 perc=0.4941 illum=0.0000 inter=0.1150
2026-06-19 23:15:24,600 - INFO - step 1800/2751 loss=0.2278 pix=0.1146 freq=0.0128 ssim=0.2822 perc=0.4938 illum=0.0000 inter=0.1146
2026-06-19 23:16:02,440 - INFO - step 1850/2751 loss=0.2274 pix=0.1143 freq=0.0128 ssim=0.2817 perc=0.4937 illum=0.0000 inter=0.1143
2026-06-19 23:16:40,189 - INFO - step 1900/2751 loss=0.2269 pix=0.1140 freq=0.0128 ssim=0.2816 perc=0.4929 illum=0.0000 inter=0.1140
2026-06-19 23:17:16,033 - INFO - step 1950/2751 loss=0.2267 pix=0.1138 freq=0.0128 ssim=0.2815 perc=0.4926 illum=0.0000 inter=0.1138
2026-06-19 23:17:52,427 - INFO - step 2000/2751 loss=0.2267 pix=0.1138 freq=0.0128 ssim=0.2816 perc=0.4927 illum=0.0000 inter=0.1138
2026-06-19 23:18:34,340 - INFO - step 2050/2751 loss=0.2263 pix=0.1136 freq=0.0128 ssim=0.2811 perc=0.4924 illum=0.0000 inter=0.1136
2026-06-19 23:19:14,295 - INFO - step 2100/2751 loss=0.2263 pix=0.1136 freq=0.0128 ssim=0.2808 perc=0.4922 illum=0.0000 inter=0.1136
2026-06-19 23:19:51,718 - INFO - step 2150/2751 loss=0.2261 pix=0.1135 freq=0.0128 ssim=0.2807 perc=0.4917 illum=0.0000 inter=0.1135
2026-06-19 23:20:28,952 - INFO - step 2200/2751 loss=0.2260 pix=0.1134 freq=0.0128 ssim=0.2810 perc=0.4917 illum=0.0000 inter=0.1134
2026-06-19 23:21:05,879 - INFO - step 2250/2751 loss=0.2261 pix=0.1134 freq=0.0128 ssim=0.2812 perc=0.4921 illum=0.0000 inter=0.1134
2026-06-19 23:21:42,182 - INFO - step 2300/2751 loss=0.2263 pix=0.1136 freq=0.0128 ssim=0.2819 perc=0.4922 illum=0.0000 inter=0.1136
2026-06-19 23:22:16,851 - INFO - step 2350/2751 loss=0.2265 pix=0.1138 freq=0.0128 ssim=0.2818 perc=0.4920 illum=0.0000 inter=0.1138
2026-06-19 23:22:56,964 - INFO - step 2400/2751 loss=0.2258 pix=0.1134 freq=0.0127 ssim=0.2805 perc=0.4908 illum=0.0000 inter=0.1134
2026-06-19 23:23:38,878 - INFO - step 2450/2751 loss=0.2256 pix=0.1133 freq=0.0127 ssim=0.2801 perc=0.4904 illum=0.0000 inter=0.1133
2026-06-19 23:24:16,842 - INFO - step 2500/2751 loss=0.2257 pix=0.1133 freq=0.0127 ssim=0.2805 perc=0.4907 illum=0.0000 inter=0.1133
2026-06-19 23:24:57,615 - INFO - step 2550/2751 loss=0.2258 pix=0.1134 freq=0.0127 ssim=0.2805 perc=0.4904 illum=0.0000 inter=0.1134
2026-06-19 23:25:36,795 - INFO - step 2600/2751 loss=0.2257 pix=0.1134 freq=0.0127 ssim=0.2804 perc=0.4902 illum=0.0000 inter=0.1134
2026-06-19 23:26:15,914 - INFO - step 2650/2751 loss=0.2256 pix=0.1133 freq=0.0127 ssim=0.2804 perc=0.4900 illum=0.0000 inter=0.1133
2026-06-19 23:26:56,056 - INFO - step 2700/2751 loss=0.2251 pix=0.1130 freq=0.0127 ssim=0.2794 perc=0.4888 illum=0.0000 inter=0.1130
2026-06-19 23:27:34,846 - INFO - step 2750/2751 loss=0.2249 pix=0.1129 freq=0.0127 ssim=0.2792 perc=0.4891 illum=0.0000 inter=0.1129
2026-06-19 23:27:35,327 - INFO - Train stats: {'loss_total': 0.22486923492548466, 'loss_pix': 0.11289571041748421, 'loss_freq': 0.012703618949708458, 'loss_ssim': 0.2792825705135835, 'loss_perc': 0.4890618875314001, 'loss_illum': 6.226679766916577e-09, 'loss_inter': 0.11289571041748421}
2026-06-19 23:27:35,327 - INFO - Epoch 5 / 100
2026-06-19 23:28:12,306 - INFO - step 50/2751 loss=0.2219 pix=0.1118 freq=0.0125 ssim=0.2685 perc=0.4846 illum=0.0000 inter=0.1118
2026-06-19 23:28:39,084 - INFO - step 100/2751 loss=0.2177 pix=0.1078 freq=0.0124 ssim=0.2692 perc=0.4934 illum=0.0000 inter=0.1078
2026-06-19 23:29:05,891 - INFO - step 150/2751 loss=0.2205 pix=0.1092 freq=0.0126 ssim=0.2736 perc=0.4990 illum=0.0000 inter=0.1092
2026-06-19 23:29:36,829 - INFO - step 200/2751 loss=0.2238 pix=0.1117 freq=0.0125 ssim=0.2738 perc=0.4997 illum=0.0000 inter=0.1117
2026-06-19 23:30:05,947 - INFO - step 250/2751 loss=0.2319 pix=0.1164 freq=0.0127 ssim=0.2816 perc=0.5122 illum=0.0000 inter=0.1164
2026-06-19 23:30:32,544 - INFO - step 300/2751 loss=0.2353 pix=0.1188 freq=0.0127 ssim=0.2843 perc=0.5110 illum=0.0000 inter=0.1188
2026-06-19 23:31:04,644 - INFO - step 350/2751 loss=0.2345 pix=0.1179 freq=0.0126 ssim=0.2855 perc=0.5142 illum=0.0000 inter=0.1179
2026-06-19 23:31:33,328 - INFO - step 400/2751 loss=0.2346 pix=0.1174 freq=0.0127 ssim=0.2881 perc=0.5186 illum=0.0000 inter=0.1174
2026-06-19 23:32:06,013 - INFO - step 450/2751 loss=0.2354 pix=0.1177 freq=0.0128 ssim=0.2896 perc=0.5216 illum=0.0000 inter=0.1177
2026-06-19 23:32:36,255 - INFO - step 500/2751 loss=0.2347 pix=0.1175 freq=0.0127 ssim=0.2872 perc=0.5193 illum=0.0000 inter=0.1175
2026-06-19 23:33:08,460 - INFO - step 550/2751 loss=0.2348 pix=0.1176 freq=0.0127 ssim=0.2873 perc=0.5191 illum=0.0000 inter=0.1176
2026-06-19 23:33:37,985 - INFO - step 600/2751 loss=0.2345 pix=0.1175 freq=0.0127 ssim=0.2876 perc=0.5174 illum=0.0000 inter=0.1175
2026-06-19 23:34:07,212 - INFO - step 650/2751 loss=0.2345 pix=0.1177 freq=0.0126 ssim=0.2863 perc=0.5156 illum=0.0000 inter=0.1177
2026-06-19 23:34:37,643 - INFO - step 700/2751 loss=0.2332 pix=0.1170 freq=0.0126 ssim=0.2852 perc=0.5130 illum=0.0000 inter=0.1170
2026-06-19 23:35:06,434 - INFO - step 750/2751 loss=0.2318 pix=0.1163 freq=0.0125 ssim=0.2831 perc=0.5108 illum=0.0000 inter=0.1163
2026-06-19 23:35:35,004 - INFO - step 800/2751 loss=0.2302 pix=0.1153 freq=0.0125 ssim=0.2816 perc=0.5090 illum=0.0000 inter=0.1153
2026-06-19 23:36:05,578 - INFO - step 850/2751 loss=0.2302 pix=0.1154 freq=0.0125 ssim=0.2806 perc=0.5088 illum=0.0000 inter=0.1154
2026-06-19 23:36:41,687 - INFO - step 900/2751 loss=0.2301 pix=0.1152 freq=0.0125 ssim=0.2817 perc=0.5088 illum=0.0000 inter=0.1152
2026-06-19 23:37:13,138 - INFO - step 950/2751 loss=0.2308 pix=0.1158 freq=0.0125 ssim=0.2821 perc=0.5076 illum=0.0000 inter=0.1158
2026-06-19 23:37:45,624 - INFO - step 1000/2751 loss=0.2308 pix=0.1160 freq=0.0125 ssim=0.2814 perc=0.5061 illum=0.0000 inter=0.1160
2026-06-19 23:38:16,670 - INFO - step 1050/2751 loss=0.2307 pix=0.1161 freq=0.0125 ssim=0.2813 perc=0.5048 illum=0.0000 inter=0.1161
2026-06-19 23:38:46,222 - INFO - step 1100/2751 loss=0.2301 pix=0.1157 freq=0.0124 ssim=0.2806 perc=0.5045 illum=0.0000 inter=0.1157
2026-06-19 23:39:16,514 - INFO - step 1150/2751 loss=0.2296 pix=0.1154 freq=0.0124 ssim=0.2801 perc=0.5042 illum=0.0000 inter=0.1154
2026-06-19 23:39:51,515 - INFO - step 1200/2751 loss=0.2290 pix=0.1151 freq=0.0124 ssim=0.2791 perc=0.5028 illum=0.0000 inter=0.1151
2026-06-19 23:40:24,059 - INFO - step 1250/2751 loss=0.2282 pix=0.1145 freq=0.0124 ssim=0.2792 perc=0.5022 illum=0.0000 inter=0.1145
2026-06-19 23:40:56,557 - INFO - step 1300/2751 loss=0.2275 pix=0.1141 freq=0.0124 ssim=0.2791 perc=0.5007 illum=0.0000 inter=0.1141
2026-06-19 23:41:28,994 - INFO - step 1350/2751 loss=0.2270 pix=0.1137 freq=0.0124 ssim=0.2787 perc=0.5003 illum=0.0000 inter=0.1137
2026-06-19 23:42:02,945 - INFO - step 1400/2751 loss=0.2264 pix=0.1134 freq=0.0124 ssim=0.2780 perc=0.4996 illum=0.0000 inter=0.1134
2026-06-19 23:42:36,384 - INFO - step 1450/2751 loss=0.2263 pix=0.1134 freq=0.0124 ssim=0.2779 perc=0.4988 illum=0.0000 inter=0.1134
2026-06-19 23:43:08,895 - INFO - step 1500/2751 loss=0.2264 pix=0.1134 freq=0.0124 ssim=0.2786 perc=0.4988 illum=0.0000 inter=0.1134
2026-06-19 23:43:43,215 - INFO - step 1550/2751 loss=0.2263 pix=0.1135 freq=0.0124 ssim=0.2780 perc=0.4978 illum=0.0000 inter=0.1135
2026-06-19 23:44:21,158 - INFO - step 1600/2751 loss=0.2266 pix=0.1135 freq=0.0124 ssim=0.2793 perc=0.4984 illum=0.0000 inter=0.1135
2026-06-19 23:44:54,700 - INFO - step 1650/2751 loss=0.2267 pix=0.1137 freq=0.0124 ssim=0.2790 perc=0.4975 illum=0.0000 inter=0.1137
2026-06-19 23:45:36,861 - INFO - step 1700/2751 loss=0.2267 pix=0.1137 freq=0.0124 ssim=0.2791 perc=0.4975 illum=0.0000 inter=0.1137
2026-06-19 23:46:15,159 - INFO - step 1750/2751 loss=0.2264 pix=0.1135 freq=0.0124 ssim=0.2794 perc=0.4973 illum=0.0000 inter=0.1135
2026-06-19 23:46:54,338 - INFO - step 1800/2751 loss=0.2261 pix=0.1133 freq=0.0124 ssim=0.2787 perc=0.4963 illum=0.0000 inter=0.1133
2026-06-19 23:47:30,654 - INFO - step 1850/2751 loss=0.2262 pix=0.1134 freq=0.0124 ssim=0.2788 perc=0.4959 illum=0.0000 inter=0.1134
2026-06-19 23:48:10,425 - INFO - step 1900/2751 loss=0.2261 pix=0.1133 freq=0.0124 ssim=0.2790 perc=0.4959 illum=0.0000 inter=0.1133
2026-06-19 23:48:50,297 - INFO - step 1950/2751 loss=0.2261 pix=0.1134 freq=0.0124 ssim=0.2791 perc=0.4957 illum=0.0000 inter=0.1134
2026-06-19 23:49:28,155 - INFO - step 2000/2751 loss=0.2256 pix=0.1131 freq=0.0124 ssim=0.2784 perc=0.4944 illum=0.0000 inter=0.1131
2026-06-19 23:50:05,677 - INFO - step 2050/2751 loss=0.2257 pix=0.1131 freq=0.0124 ssim=0.2790 perc=0.4958 illum=0.0000 inter=0.1131
2026-06-19 23:50:40,716 - INFO - step 2100/2751 loss=0.2256 pix=0.1130 freq=0.0124 ssim=0.2790 perc=0.4957 illum=0.0000 inter=0.1130
2026-06-19 23:51:14,732 - INFO - step 2150/2751 loss=0.2253 pix=0.1128 freq=0.0124 ssim=0.2788 perc=0.4953 illum=0.0000 inter=0.1128
