2026-06-19 23:21:16,769 - INFO - Loading config from configs\ablation_v55.yaml
2026-06-19 23:21:16,769 - INFO - Using device: cpu
2026-06-19 23:21:18,733 - INFO - Epoch 1 / 4
2026-06-19 23:23:05,023 - INFO - step 50/123 loss=0.2842 pix=0.1777 freq=0.0235 ssim=0.4534 perc=0.0549 illum=0.0016 inter=0.1777
2026-06-19 23:24:46,331 - INFO - step 100/123 loss=0.2610 pix=0.1628 freq=0.0217 ssim=0.4211 perc=0.0501 illum=0.0008 inter=0.1628
2026-06-19 23:25:32,499 - INFO - Train stats: {'loss_total': 0.25504298714118273, 'loss_pix': 0.15900889675064786, 'loss_freq': 0.021527584316587547, 'loss_ssim': 0.4119956144472448, 'loss_perc': 0.04972439238089856, 'loss_illum': 0.0006644550607619087, 'loss_inter': 0.1590089476932355}
2026-06-19 23:25:32,500 - INFO - Epoch 2 / 4
2026-06-19 23:27:23,909 - INFO - step 50/123 loss=0.3064 pix=0.1963 freq=0.0211 ssim=0.4325 perc=0.0587 illum=0.0000 inter=0.1963
2026-06-19 23:29:05,886 - INFO - step 100/123 loss=0.2859 pix=0.1837 freq=0.0193 ssim=0.3942 perc=0.0574 illum=0.0000 inter=0.1837
2026-06-19 23:29:55,195 - INFO - Train stats: {'loss_total': 0.2781373527113015, 'loss_pix': 0.1782485561036482, 'loss_freq': 0.018947731101567427, 'loss_ssim': 0.3889702427677992, 'loss_perc': 0.056224229041396116, 'loss_illum': 6.957975224542144e-07, 'loss_inter': 0.17824855519504082}
2026-06-19 23:29:55,195 - INFO - Epoch 3 / 4
2026-06-19 23:31:45,375 - INFO - step 50/123 loss=0.2077 pix=0.1312 freq=0.0153 ssim=0.3144 perc=0.0417 illum=0.0000 inter=0.1312
2026-06-19 23:33:28,070 - INFO - step 100/123 loss=0.2131 pix=0.1348 freq=0.0155 ssim=0.3192 perc=0.0441 illum=0.0000 inter=0.1348
2026-06-19 23:34:18,139 - INFO - Train stats: {'loss_total': 0.20838707873249443, 'loss_pix': 0.13100117787234183, 'loss_freq': 0.015510721544818423, 'loss_ssim': 0.32262109644044706, 'loss_perc': 0.042723636960656175, 'loss_illum': 2.2925599058534908e-10, 'loss_inter': 0.13100117787234183}
2026-06-19 23:34:18,139 - INFO - Epoch 4 / 4
2026-06-19 23:36:14,478 - INFO - step 50/123 loss=0.2100 pix=0.1324 freq=0.0164 ssim=0.3185 perc=0.0433 illum=0.0000 inter=0.1324
2026-06-19 23:38:08,128 - INFO - step 100/123 loss=0.2035 pix=0.1278 freq=0.0162 ssim=0.3163 perc=0.0410 illum=0.0000 inter=0.1278
2026-06-19 23:39:04,311 - INFO - Train stats: {'loss_total': 0.20458515091397897, 'loss_pix': 0.1283547708355799, 'loss_freq': 0.016005362278017087, 'loss_ssim': 0.3204680652153201, 'loss_perc': 0.04078180775258357, 'loss_illum': 0.0001530842102939107, 'loss_inter': 0.12834441628519114}
2026-06-19 23:39:14,773 - INFO - Val stats: {'val_l1': 0.08630788326263428, 'psnr': 19.186377613683682, 'ssim': 0.6365732192993164}
2026-06-20 10:15:46,677 - INFO - Loading config from configs\ablation_v55.yaml
2026-06-20 10:15:46,677 - INFO - Using device: cpu
2026-06-20 10:15:48,942 - INFO - Epoch 1 / 1
2026-06-20 10:16:06,746 - INFO - Train stats: {'loss_total': 0.5919922068715096, 'loss_pix': 0.3912649527192116, 'loss_freq': 0.028802239801734686, 'loss_ssim': 0.7196890115737915, 'loss_perc': 0.08361018635332584, 'loss_illum': 0.013762086302466581, 'loss_inter': 0.3912649527192116}
2026-06-20 10:23:23,794 - INFO - Loading config from configs\ablation_v55.yaml
2026-06-20 10:23:23,794 - INFO - Using device: cpu
2026-06-20 10:23:25,585 - INFO - Epoch 1 / 1
2026-06-20 10:23:42,858 - INFO - Train stats: {'loss_total': 0.5919922068715096, 'loss_pix': 0.3912649527192116, 'loss_freq': 0.028802239801734686, 'loss_ssim': 0.7196890115737915, 'loss_perc': 0.08361018635332584, 'loss_illum': 0.013762086302466581, 'loss_inter': 0.3912649527192116}
