2026-06-19 18:42:59,725 - INFO - Loading config from configs\ablation_baseline.yaml
2026-06-19 18:42:59,750 - INFO - Using device: cpu
2026-06-19 18:43:09,627 - INFO - Epoch 1 / 10
2026-06-19 18:44:12,040 - INFO - Train stats: {'loss_total': 0.5094023942947388, 'loss_pix': 0.3304895982146263, 'loss_freq': 0.02248872024938464, 'loss_ssim': 0.6343870460987091, 'loss_perc': 0.057591638527810574, 'loss_illum': 0.08319148467853665, 'loss_inter': 0.3304895982146263}
2026-06-19 18:44:12,057 - INFO - Epoch 2 / 10
2026-06-19 18:45:09,792 - INFO - Train stats: {'loss_total': 0.47952592372894287, 'loss_pix': 0.312308669090271, 'loss_freq': 0.02137772087007761, 'loss_ssim': 0.6612676084041595, 'loss_perc': 0.05174665525555611, 'loss_illum': 0.0008543559161722225, 'loss_inter': 0.312308669090271}
2026-06-19 18:45:09,805 - INFO - Epoch 3 / 10
2026-06-19 18:45:45,029 - INFO - Loading config from configs\ablation_baseline.yaml
2026-06-19 18:45:45,029 - INFO - Using device: cpu
2026-06-19 18:45:57,668 - INFO - Train stats: {'loss_total': 0.41768287122249603, 'loss_pix': 0.25898953154683113, 'loss_freq': 0.024270452093333006, 'loss_ssim': 0.7366601973772049, 'loss_perc': 0.04903399012982845, 'loss_illum': 9.383043675370573e-08, 'loss_inter': 0.25898953154683113}
2026-06-19 18:45:57,671 - INFO - Epoch 4 / 10
2026-06-19 18:45:57,726 - INFO - Epoch 1 / 1
2026-06-19 18:47:48,958 - INFO - Train stats: {'loss_total': 0.6194590777158737, 'loss_pix': 0.42420461028814316, 'loss_freq': 0.023641264997422695, 'loss_ssim': 0.5268739461898804, 'loss_perc': 0.06164686381816864, 'loss_illum': 0.06776874563260638, 'loss_inter': 0.42420461028814316}
2026-06-19 18:47:50,212 - INFO - Train stats: {'loss_total': 0.47590088099241257, 'loss_pix': 0.31779202073812485, 'loss_freq': 0.01805619103834033, 'loss_ssim': 0.5610970556735992, 'loss_perc': 0.048559156246483326, 'loss_illum': 0.0, 'loss_inter': 0.31779202073812485}
2026-06-19 18:47:50,226 - INFO - Epoch 5 / 10
2026-06-19 18:48:52,799 - INFO - Train stats: {'loss_total': 0.44664718955755234, 'loss_pix': 0.2949809916317463, 'loss_freq': 0.017524159513413906, 'loss_ssim': 0.5694082379341125, 'loss_perc': 0.04478663206100464, 'loss_illum': 0.0, 'loss_inter': 0.2949809916317463}
2026-06-19 18:50:02,226 - INFO - Loading config from configs\ablation_baseline.yaml
2026-06-19 18:50:02,226 - INFO - Using device: cpu
2026-06-19 18:50:12,825 - INFO - Epoch 1 / 6
2026-06-19 18:50:26,244 - INFO - Train stats: {'loss_total': 0.5135267674922943, 'loss_pix': 0.3286210000514984, 'loss_freq': 0.0328177185729146, 'loss_ssim': 0.6182782053947449, 'loss_perc': 0.05307980254292488, 'loss_illum': 0.15901866555213928, 'loss_inter': 0.3286210000514984}
2026-06-19 18:50:26,244 - INFO - Epoch 2 / 6
2026-06-19 18:50:38,927 - INFO - Train stats: {'loss_total': 0.6056308150291443, 'loss_pix': 0.41164490580558777, 'loss_freq': 0.03175798151642084, 'loss_ssim': 0.6120051741600037, 'loss_perc': 0.05245823413133621, 'loss_illum': 0.008703207162511717, 'loss_inter': 0.41164490580558777}
2026-06-19 18:50:38,927 - INFO - Epoch 3 / 6
2026-06-19 18:50:51,606 - INFO - Train stats: {'loss_total': 0.7297979295253754, 'loss_pix': 0.48701146245002747, 'loss_freq': 0.043756723403930664, 'loss_ssim': 0.8325499594211578, 'loss_perc': 0.09052329882979393, 'loss_illum': 6.858682605193067e-08, 'loss_inter': 0.48701146245002747}
2026-06-19 18:52:34,013 - INFO - Loading config from configs\ablation_baseline.yaml
2026-06-19 18:52:34,013 - INFO - Using device: cpu
2026-06-19 18:52:36,060 - INFO - Epoch 1 / 5
2026-06-19 18:54:44,938 - INFO - step 50/123 loss=0.2769 pix=0.1723 freq=0.0237 ssim=0.4600 perc=0.0372 illum=0.0082 inter=0.1723
2026-06-19 18:56:39,578 - INFO - step 100/123 loss=0.2614 pix=0.1623 freq=0.0225 ssim=0.4427 perc=0.0344 illum=0.0041 inter=0.1623
2026-06-19 18:57:31,483 - INFO - Train stats: {'loss_total': 0.2516035889464665, 'loss_pix': 0.15558174606866954, 'loss_freq': 0.02220325544476509, 'loss_ssim': 0.4348538736017739, 'loss_perc': 0.033061494426120344, 'loss_illum': 0.003354540640015576, 'loss_inter': 0.15558174606866954}
2026-06-19 18:57:31,484 - INFO - Epoch 2 / 5
2026-06-19 18:59:39,552 - INFO - step 50/123 loss=0.2878 pix=0.1888 freq=0.0202 ssim=0.3657 perc=0.0375 illum=0.0000 inter=0.1888
2026-06-19 19:01:33,026 - INFO - step 100/123 loss=0.3645 pix=0.2405 freq=0.0223 ssim=0.4474 perc=0.0487 illum=0.0000 inter=0.2405
2026-06-19 19:02:25,784 - INFO - Train stats: {'loss_total': 0.35206801874366234, 'loss_pix': 0.2316874078194785, 'loss_freq': 0.022171908429240793, 'loss_ssim': 0.4397531301994634, 'loss_perc': 0.04681706999436142, 'loss_illum': 1.7242387616261607e-06, 'loss_inter': 0.2316874078194785}
2026-06-19 19:02:25,784 - INFO - Epoch 3 / 5
2026-06-19 19:04:27,100 - INFO - step 50/123 loss=0.2551 pix=0.1618 freq=0.0190 ssim=0.3931 perc=0.0363 illum=0.0000 inter=0.1618
2026-06-19 19:06:19,674 - INFO - step 100/123 loss=0.2479 pix=0.1568 freq=0.0189 ssim=0.3880 perc=0.0339 illum=0.0000 inter=0.1568
2026-06-19 19:07:11,978 - INFO - Train stats: {'loss_total': 0.2446014013716845, 'loss_pix': 0.15528137364038608, 'loss_freq': 0.01835882427110299, 'loss_ssim': 0.3751860929698479, 'loss_perc': 0.03381061329074749, 'loss_illum': 6.260911079625953e-07, 'loss_inter': 0.15528137364038608}
2026-06-19 19:07:11,978 - INFO - Epoch 4 / 5
2026-06-19 19:09:14,548 - INFO - step 50/123 loss=0.2207 pix=0.1418 freq=0.0163 ssim=0.3179 perc=0.0295 illum=0.0000 inter=0.1418
2026-06-19 19:11:07,350 - INFO - step 100/123 loss=0.2184 pix=0.1390 freq=0.0159 ssim=0.3323 perc=0.0294 illum=0.0000 inter=0.1390
2026-06-19 19:11:58,803 - INFO - Train stats: {'loss_total': 0.210840870815564, 'loss_pix': 0.1337458008249116, 'loss_freq': 0.015754799138966616, 'loss_ssim': 0.3255473089411976, 'loss_perc': 0.028411176339609594, 'loss_illum': 0.0, 'loss_inter': 0.1337458008249116}
2026-06-19 19:11:58,803 - INFO - Epoch 5 / 5
2026-06-19 19:13:59,372 - INFO - step 50/123 loss=0.2029 pix=0.1292 freq=0.0158 ssim=0.3081 perc=0.0257 illum=0.0000 inter=0.1292
2026-06-19 19:15:52,725 - INFO - step 100/123 loss=0.1880 pix=0.1186 freq=0.0152 ssim=0.2989 perc=0.0242 illum=0.0000 inter=0.1186
2026-06-19 19:16:43,549 - INFO - Train stats: {'loss_total': 0.18259088643561533, 'loss_pix': 0.11481362064861185, 'loss_freq': 0.015108470804989338, 'loss_ssim': 0.29462353824599974, 'loss_perc': 0.023599777276044696, 'loss_illum': 0.0, 'loss_inter': 0.11481362064861185}
2026-06-19 19:25:39,344 - INFO - Loading config from configs\ablation_baseline.yaml
2026-06-19 19:25:39,344 - INFO - Using device: cpu
2026-06-19 19:25:41,056 - INFO - Epoch 1 / 4
2026-06-19 19:27:42,358 - INFO - step 50/123 loss=0.2769 pix=0.1723 freq=0.0237 ssim=0.4600 perc=0.0372 illum=0.0082 inter=0.1723
2026-06-19 19:29:34,770 - INFO - step 100/123 loss=0.2614 pix=0.1623 freq=0.0225 ssim=0.4427 perc=0.0344 illum=0.0041 inter=0.1623
2026-06-19 19:30:27,670 - INFO - Train stats: {'loss_total': 0.2516035889464665, 'loss_pix': 0.15558174606866954, 'loss_freq': 0.02220325544476509, 'loss_ssim': 0.4348538736017739, 'loss_perc': 0.033061494426120344, 'loss_illum': 0.003354540640015576, 'loss_inter': 0.15558174606866954}
2026-06-19 19:30:27,670 - INFO - Epoch 2 / 4
2026-06-19 19:32:27,611 - INFO - step 50/123 loss=0.2878 pix=0.1888 freq=0.0202 ssim=0.3657 perc=0.0375 illum=0.0000 inter=0.1888
2026-06-19 19:34:19,666 - INFO - step 100/123 loss=0.3645 pix=0.2405 freq=0.0223 ssim=0.4474 perc=0.0487 illum=0.0000 inter=0.2405
2026-06-19 19:35:11,424 - INFO - Train stats: {'loss_total': 0.35206801874366234, 'loss_pix': 0.2316874078194785, 'loss_freq': 0.022171908429240793, 'loss_ssim': 0.4397531301994634, 'loss_perc': 0.04681706999436142, 'loss_illum': 1.7242387616261607e-06, 'loss_inter': 0.2316874078194785}
2026-06-19 19:35:11,424 - INFO - Epoch 3 / 4
2026-06-19 19:37:10,742 - INFO - step 50/123 loss=0.2771 pix=0.1766 freq=0.0195 ssim=0.4147 perc=0.0403 illum=0.0000 inter=0.1766
2026-06-19 19:39:04,952 - INFO - step 100/123 loss=0.2686 pix=0.1709 freq=0.0193 ssim=0.4079 perc=0.0378 illum=0.0000 inter=0.1709
2026-06-19 19:39:57,312 - INFO - Train stats: {'loss_total': 0.2676612824443879, 'loss_pix': 0.17096841716911734, 'loss_freq': 0.018959099146711633, 'loss_ssim': 0.3975042148334224, 'loss_perc': 0.03756006533749462, 'loss_illum': 9.466993891672646e-09, 'loss_inter': 0.17096841716911734}
2026-06-19 19:39:57,312 - INFO - Epoch 4 / 4
2026-06-19 19:41:59,262 - INFO - step 50/123 loss=0.2127 pix=0.1358 freq=0.0165 ssim=0.3172 perc=0.0281 illum=0.0000 inter=0.1358
2026-06-19 19:43:53,868 - INFO - step 100/123 loss=0.2138 pix=0.1357 freq=0.0160 ssim=0.3292 perc=0.0285 illum=0.0000 inter=0.1357
2026-06-19 19:44:46,715 - INFO - Train stats: {'loss_total': 0.2061614213980795, 'loss_pix': 0.13063654750282686, 'loss_freq': 0.015792038219761315, 'loss_ssim': 0.3199763370723259, 'loss_perc': 0.027570685243037175, 'loss_illum': 0.0, 'loss_inter': 0.13063654750282686}
2026-06-19 19:44:56,663 - INFO - Val stats: {'val_l1': 0.10819411873817444, 'psnr': 17.443081161737336, 'ssim': 0.6069381952285766}
